// Jest Snapshot v1, https://goo.gl/fbAQLP

exports[`snapshot 1`] = `
<div
  class="form-group"
>
  <label>
    test
  </label>
  <input
    class="form-control"
    type="text"
    value="test value"
  />
  <span
    class="text-danger"
  />
</div>
`;
